// Jest Snapshot v1, https://goo.gl/fbAQLP

exports[`<LoginForm /> test matches snapshot 1`] = `
<div>
  <form
    class="LoginForm"
  />
</div>
`;
